###############################################################################
#
# IAR ELF Linker V8.50.6.265/W32 for ARM                  09/Mar/2021  10:58:57
# Copyright 2007-2020 IAR Systems AB.
#
#    Output file  =
#        C:\Users\lorenzo\Desktop\lmm esercizi\esame\lezione
#        2\Debug\Exe\lezione 2.out
#    Map file     =
#        C:\Users\lorenzo\Desktop\lmm esercizi\esame\lezione
#        2\Debug\List\lezione 2.map
#    Command line =
#        -f C:\Users\lorenzo\AppData\Local\Temp\EW57AA.tmp
#        ("C:\Users\lorenzo\Desktop\lmm esercizi\esame\lezione
#        2\Debug\Obj\main.o" --no_out_extension -o
#        "C:\Users\lorenzo\Desktop\lmm esercizi\esame\lezione
#        2\Debug\Exe\lezione 2.out" --redirect _Printf=_PrintfFullNoMb
#        --redirect _Scanf=_ScanfFullNoMb --map "C:\Users\lorenzo\Desktop\lmm
#        esercizi\esame\lezione 2\Debug\List\lezione 2.map" --config
#        "C:\Program Files (x86)\IAR Systems\Embedded Workbench
#        8.4\arm\config\linker\ST\stm32f303xC.icf" --semihosting --entry
#        __iar_program_start --vfe --text_out locale)
#
###############################################################################

*******************************************************************************
*** RUNTIME MODEL ATTRIBUTES
***

CppFlavor       = *
__SystemLibrary = DLib
__dlib_version  = 6


*******************************************************************************
*** HEAP SELECTION
***

The basic heap was selected because some modules are built with
size limitations (and not runtime checking), and --advanced_heap
was not specified.


*******************************************************************************
*** PLACEMENT SUMMARY
***

"A0":  place at address 0x800'0000 { ro section .intvec };
"P1":  place in [from 0x800'0000 to 0x803'ffff] { ro };
define block CSTACK with size = 8K, alignment = 8 { };
define block HEAP with size = 8K, alignment = 8 { };
"P2":  place in [from 0x2000'0000 to 0x2000'9fff] {
          rw, block CSTACK, block HEAP };

No sections matched the following patterns:

  section .ccmram  in "P3"


  Section          Kind         Address    Size  Object
  -------          ----         -------    ----  ------
"A0":                                      0x40
  .intvec          ro code   0x800'0000    0x40  vector_table_M.o [4]
                           - 0x800'0040    0x40

"P1":                                     0x150
  .text            ro code   0x800'0040    0x64  main.o [1]
  .text            ro code   0x800'00a4    0x3a  zero_init3.o [4]
  .text            ro code   0x800'00de     0x2  vector_table_M.o [4]
  .text            ro code   0x800'00e0    0x28  data_init.o [4]
  .text            ro code   0x800'0108    0x22  fpinit_M.o [3]
  .iar.init_table  const     0x800'012c    0x10  - Linker created -
  .text            ro code   0x800'013c    0x1e  cmain.o [4]
  .text            ro code   0x800'015a     0x4  low_level_init.o [2]
  .text            ro code   0x800'015e     0x4  exit.o [2]
  .text            ro code   0x800'0164     0xa  cexit.o [4]
  .text            ro code   0x800'0170    0x14  exit.o [5]
  .text            ro code   0x800'0184     0xc  cstartup_M.o [4]
  .rodata          const     0x800'0190     0x0  zero_init3.o [4]
                           - 0x800'0190   0x150

"P2", part 1 of 2:                          0x4
  .bss             zero     0x2000'0000     0x4  main.o [1]
                          - 0x2000'0004     0x4

"P2", part 2 of 2:                       0x2000
  CSTACK                    0x2000'0008  0x2000  <Block>
    CSTACK         uninit   0x2000'0008  0x2000  <Block tail>
                          - 0x2000'2008  0x2000

Unused ranges:

         From           To      Size
         ----           --      ----
   0x800'0190   0x803'ffff  0x3'fe70
  0x2000'0004  0x2000'0007       0x4
  0x2000'2008  0x2000'9fff    0x7ff8


*******************************************************************************
*** INIT TABLE
***

          Address      Size
          -------      ----
Zero (__iar_zero_init3)
    1 destination range, total size 0x4:
          0x2000'0000   0x4



*******************************************************************************
*** MODULE SUMMARY
***

    Module            ro code  ro data  rw data
    ------            -------  -------  -------
command line/config:
    -------------------------------------------
    Total:

C:\Users\lorenzo\Desktop\lmm esercizi\esame\lezione 2\Debug\Obj: [1]
    main.o                100                 4
    -------------------------------------------
    Total:                100                 4

dl7M_tln.a: [2]
    exit.o                  4
    low_level_init.o        4
    -------------------------------------------
    Total:                  8

m7M_tls.a: [3]
    fpinit_M.o             34
    -------------------------------------------
    Total:                 34

rt7M_tl.a: [4]
    cexit.o                10
    cmain.o                30
    cstartup_M.o           12
    data_init.o            40
    vector_table_M.o       66
    zero_init3.o           58
    -------------------------------------------
    Total:                216

shb_l.a: [5]
    exit.o                 20
    -------------------------------------------
    Total:                 20

    Gaps                    4        2
    Linker created                  16    8'192
-----------------------------------------------
    Grand Total:          382       18    8'196


*******************************************************************************
*** ENTRY LIST
***

Entry                       Address  Size  Type      Object
-----                       -------  ----  ----      ------
.iar.init_table$$Base    0x800'012c         --   Gb  - Linker created -
.iar.init_table$$Limit   0x800'013c         --   Gb  - Linker created -
?main                    0x800'013d        Code  Gb  cmain.o [4]
CSTACK$$Base            0x2000'0008         --   Gb  - Linker created -
CSTACK$$Limit           0x2000'2008         --   Gb  - Linker created -
Region$$Table$$Base      0x800'012c         --   Gb  - Linker created -
Region$$Table$$Limit     0x800'013c         --   Gb  - Linker created -
__cmain                  0x800'013d        Code  Gb  cmain.o [4]
__exit                   0x800'0171  0x14  Code  Gb  exit.o [5]
__iar_data_init3         0x800'00e1  0x28  Code  Gb  data_init.o [4]
__iar_init_vfp           0x800'0109        Code  Gb  fpinit_M.o [3]
__iar_program_start      0x800'0185        Code  Gb  cstartup_M.o [4]
__iar_zero_init3         0x800'00a5  0x3a  Code  Gb  zero_init3.o [4]
__low_level_init         0x800'015b   0x4  Code  Gb  low_level_init.o [2]
__vector_table           0x800'0000        Data  Gb  vector_table_M.o [4]
_call_main               0x800'0149        Code  Gb  cmain.o [4]
_exit                    0x800'0165        Code  Gb  cexit.o [4]
_main                    0x800'0157        Code  Gb  cmain.o [4]
exit                     0x800'015f   0x4  Code  Gb  exit.o [2]
main                     0x800'0041  0x64  Code  Gb  main.o [1]
p                       0x2000'0000   0x4  Data  Gb  main.o [1]


[1] = C:\Users\lorenzo\Desktop\lmm esercizi\esame\lezione 2\Debug\Obj
[2] = dl7M_tln.a
[3] = m7M_tls.a
[4] = rt7M_tl.a
[5] = shb_l.a

    382 bytes of readonly  code memory
     18 bytes of readonly  data memory
  8'196 bytes of readwrite data memory

Errors: none
Warnings: none
