/Users/lorenzo/Desktop/usart_test/Core/Src/main.c:72:6:blink	16	static
/Users/lorenzo/Desktop/usart_test/Core/Src/main.c:91:5:main	64	static
/Users/lorenzo/Desktop/usart_test/Core/Src/main.c:163:6:SystemClock_Config	128	static
/Users/lorenzo/Desktop/usart_test/Core/Src/main.c:216:13:MX_I2C1_Init	8	static
/Users/lorenzo/Desktop/usart_test/Core/Src/main.c:262:13:MX_SPI1_Init	8	static
/Users/lorenzo/Desktop/usart_test/Core/Src/main.c:302:13:MX_USART1_UART_Init	8	static
/Users/lorenzo/Desktop/usart_test/Core/Src/main.c:337:13:MX_USART2_UART_Init	8	static
/Users/lorenzo/Desktop/usart_test/Core/Src/main.c:372:13:MX_USART3_UART_Init	8	static
/Users/lorenzo/Desktop/usart_test/Core/Src/main.c:407:13:MX_USB_PCD_Init	8	static
/Users/lorenzo/Desktop/usart_test/Core/Src/main.c:438:13:MX_GPIO_Init	48	static
/Users/lorenzo/Desktop/usart_test/Core/Src/main.c:489:6:Error_Handler	4	static,ignoring_inline_asm
