Archive member included to satisfy reference by file (symbol)

/Applications/STM32CubeIDE.app/Contents/Eclipse/plugins/com.st.stm32cube.ide.mcu.externaltools.gnu-tools-for-stm32.10.3-2021.10.macos64_1.0.0.202111181127/tools/bin/../lib/gcc/arm-none-eabi/10.3.1/../../../../arm-none-eabi/lib/thumb/v7e-m+fp/hard/libc_nano.a(lib_a-errno.o)
                              ./Application/User/Core/syscalls.o (__errno)
/Applications/STM32CubeIDE.app/Contents/Eclipse/plugins/com.st.stm32cube.ide.mcu.externaltools.gnu-tools-for-stm32.10.3-2021.10.macos64_1.0.0.202111181127/tools/bin/../lib/gcc/arm-none-eabi/10.3.1/../../../../arm-none-eabi/lib/thumb/v7e-m+fp/hard/libc_nano.a(lib_a-exit.o)
                              /Applications/STM32CubeIDE.app/Contents/Eclipse/plugins/com.st.stm32cube.ide.mcu.externaltools.gnu-tools-for-stm32.10.3-2021.10.macos64_1.0.0.202111181127/tools/bin/../lib/gcc/arm-none-eabi/10.3.1/../../../../arm-none-eabi/lib/thumb/v7e-m+fp/hard/crt0.o (exit)
/Applications/STM32CubeIDE.app/Contents/Eclipse/plugins/com.st.stm32cube.ide.mcu.externaltools.gnu-tools-for-stm32.10.3-2021.10.macos64_1.0.0.202111181127/tools/bin/../lib/gcc/arm-none-eabi/10.3.1/../../../../arm-none-eabi/lib/thumb/v7e-m+fp/hard/libc_nano.a(lib_a-impure.o)
                              /Applications/STM32CubeIDE.app/Contents/Eclipse/plugins/com.st.stm32cube.ide.mcu.externaltools.gnu-tools-for-stm32.10.3-2021.10.macos64_1.0.0.202111181127/tools/bin/../lib/gcc/arm-none-eabi/10.3.1/../../../../arm-none-eabi/lib/thumb/v7e-m+fp/hard/libc_nano.a(lib_a-exit.o) (_global_impure_ptr)
/Applications/STM32CubeIDE.app/Contents/Eclipse/plugins/com.st.stm32cube.ide.mcu.externaltools.gnu-tools-for-stm32.10.3-2021.10.macos64_1.0.0.202111181127/tools/bin/../lib/gcc/arm-none-eabi/10.3.1/../../../../arm-none-eabi/lib/thumb/v7e-m+fp/hard/libc_nano.a(lib_a-init.o)
                              /Applications/STM32CubeIDE.app/Contents/Eclipse/plugins/com.st.stm32cube.ide.mcu.externaltools.gnu-tools-for-stm32.10.3-2021.10.macos64_1.0.0.202111181127/tools/bin/../lib/gcc/arm-none-eabi/10.3.1/../../../../arm-none-eabi/lib/thumb/v7e-m+fp/hard/crt0.o (__libc_init_array)
/Applications/STM32CubeIDE.app/Contents/Eclipse/plugins/com.st.stm32cube.ide.mcu.externaltools.gnu-tools-for-stm32.10.3-2021.10.macos64_1.0.0.202111181127/tools/bin/../lib/gcc/arm-none-eabi/10.3.1/../../../../arm-none-eabi/lib/thumb/v7e-m+fp/hard/libc_nano.a(lib_a-memset.o)
                              /Applications/STM32CubeIDE.app/Contents/Eclipse/plugins/com.st.stm32cube.ide.mcu.externaltools.gnu-tools-for-stm32.10.3-2021.10.macos64_1.0.0.202111181127/tools/bin/../lib/gcc/arm-none-eabi/10.3.1/../../../../arm-none-eabi/lib/thumb/v7e-m+fp/hard/crt0.o (memset)

Discarded input sections

 .text          0x0000000000000000        0x0 /Applications/STM32CubeIDE.app/Contents/Eclipse/plugins/com.st.stm32cube.ide.mcu.externaltools.gnu-tools-for-stm32.10.3-2021.10.macos64_1.0.0.202111181127/tools/bin/../lib/gcc/arm-none-eabi/10.3.1/thumb/v7e-m+fp/hard/crti.o
 .data          0x0000000000000000        0x0 /Applications/STM32CubeIDE.app/Contents/Eclipse/plugins/com.st.stm32cube.ide.mcu.externaltools.gnu-tools-for-stm32.10.3-2021.10.macos64_1.0.0.202111181127/tools/bin/../lib/gcc/arm-none-eabi/10.3.1/thumb/v7e-m+fp/hard/crti.o
 .bss           0x0000000000000000        0x0 /Applications/STM32CubeIDE.app/Contents/Eclipse/plugins/com.st.stm32cube.ide.mcu.externaltools.gnu-tools-for-stm32.10.3-2021.10.macos64_1.0.0.202111181127/tools/bin/../lib/gcc/arm-none-eabi/10.3.1/thumb/v7e-m+fp/hard/crti.o
 .data          0x0000000000000000        0x4 /Applications/STM32CubeIDE.app/Contents/Eclipse/plugins/com.st.stm32cube.ide.mcu.externaltools.gnu-tools-for-stm32.10.3-2021.10.macos64_1.0.0.202111181127/tools/bin/../lib/gcc/arm-none-eabi/10.3.1/thumb/v7e-m+fp/hard/crtbegin.o
 .rodata        0x0000000000000000       0x24 /Applications/STM32CubeIDE.app/Contents/Eclipse/plugins/com.st.stm32cube.ide.mcu.externaltools.gnu-tools-for-stm32.10.3-2021.10.macos64_1.0.0.202111181127/tools/bin/../lib/gcc/arm-none-eabi/10.3.1/thumb/v7e-m+fp/hard/crtbegin.o
 .text          0x0000000000000000       0x7c /Applications/STM32CubeIDE.app/Contents/Eclipse/plugins/com.st.stm32cube.ide.mcu.externaltools.gnu-tools-for-stm32.10.3-2021.10.macos64_1.0.0.202111181127/tools/bin/../lib/gcc/arm-none-eabi/10.3.1/../../../../arm-none-eabi/lib/thumb/v7e-m+fp/hard/crt0.o
 .data          0x0000000000000000        0x0 /Applications/STM32CubeIDE.app/Contents/Eclipse/plugins/com.st.stm32cube.ide.mcu.externaltools.gnu-tools-for-stm32.10.3-2021.10.macos64_1.0.0.202111181127/tools/bin/../lib/gcc/arm-none-eabi/10.3.1/../../../../arm-none-eabi/lib/thumb/v7e-m+fp/hard/crt0.o
[...]
Memory Configuration

Name             Origin             Length             Attributes
CCMRAM           0x0000000010000000 0x0000000000002000 xrw
RAM              0x0000000020000000 0x000000000000a000 xrw
FLASH            0x0000000008000000 0x0000000000040000 xr
*default*        0x0000000000000000 0xffffffffffffffff

Linker script and memory map

LOAD /Applications/STM32CubeIDE.app/Contents/Eclipse/plugins/com.st.stm32cube.ide.mcu.externaltools.gnu-tools-for-stm32.10.3-2021.10.macos64_1.0.0.202111181127/tools/bin/../lib/gcc/arm-none-eabi/10.3.1/thumb/v7e-m+fp/hard/crti.o
LOAD /Applications/STM32CubeIDE.app/Contents/Eclipse/plugins/com.st.stm32cube.ide.mcu.externaltools.gnu-tools-for-stm32.10.3-2021.10.macos64_1.0.0.202111181127/tools/bin/../lib/gcc/arm-none-eabi/10.3.1/thumb/v7e-m+fp/hard/crtbegin.o
LOAD /Applications/STM32CubeIDE.app/Contents/Eclipse/plugins/com.st.stm32cube.ide.mcu.externaltools.gnu-tools-for-stm32.10.3-2021.10.macos64_1.0.0.202111181127/tools/bin/../lib/gcc/arm-none-eabi/10.3.1/../../../../arm-none-eabi/lib/thumb/v7e-m+fp/hard/crt0.o
LOAD ./Application/User/Core/main.o
LOAD ./Application/User/Core/stm32f3xx_hal_msp.o
LOAD ./Application/User/Core/stm32f3xx_it.o
LOAD ./Application/User/Core/syscalls.o
LOAD ./Application/User/Core/sysmem.o
LOAD ./Application/User/Startup/startup_stm32f303vctx.o
LOAD ./Drivers/CMSIS/system_stm32f3xx.o
LOAD ./Drivers/STM32F3xx_HAL_Driver/stm32f3xx_hal.o
LOAD ./Drivers/STM32F3xx_HAL_Driver/stm32f3xx_hal_cortex.o
LOAD ./Drivers/STM32F3xx_HAL_Driver/stm32f3xx_hal_dma.o
LOAD ./Drivers/STM32F3xx_HAL_Driver/stm32f3xx_hal_exti.o
LOAD ./Drivers/STM32F3xx_HAL_Driver/stm32f3xx_hal_flash.o
LOAD ./Drivers/STM32F3xx_HAL_Driver/stm32f3xx_hal_flash_ex.o
LOAD ./Drivers/STM32F3xx_HAL_Driver/stm32f3xx_hal_gpio.o
LOAD ./Drivers/STM32F3xx_HAL_Driver/stm32f3xx_hal_i2c.o
LOAD ./Drivers/STM32F3xx_HAL_Driver/stm32f3xx_hal_i2c_ex.o
LOAD ./Drivers/STM32F3xx_HAL_Driver/stm32f3xx_hal_pcd.o
LOAD ./Drivers/STM32F3xx_HAL_Driver/stm32f3xx_hal_pcd_ex.o
LOAD ./Drivers/STM32F3xx_HAL_Driver/stm32f3xx_hal_pwr.o
LOAD ./Drivers/STM32F3xx_HAL_Driver/stm32f3xx_hal_pwr_ex.o
LOAD ./Drivers/STM32F3xx_HAL_Driver/stm32f3xx_hal_rcc.o
LOAD ./Drivers/STM32F3xx_HAL_Driver/stm32f3xx_hal_rcc_ex.o
LOAD ./Drivers/STM32F3xx_HAL_Driver/stm32f3xx_hal_spi.o
LOAD ./Drivers/STM32F3xx_HAL_Driver/stm32f3xx_hal_spi_ex.o
LOAD ./Drivers/STM32F3xx_HAL_Driver/stm32f3xx_hal_tim.o
LOAD ./Drivers/STM32F3xx_HAL_Driver/stm32f3xx_hal_tim_ex.o
LOAD ./Drivers/STM32F3xx_HAL_Driver/stm32f3xx_hal_uart.o
LOAD ./Drivers/STM32F3xx_HAL_Driver/stm32f3xx_hal_uart_ex.o
LOAD ./Drivers/STM32F3xx_HAL_Driver/stm32f3xx_ll_usb.o
START GROUP
LOAD /Applications/STM32CubeIDE.app/Contents/Eclipse/plugins/com.st.stm32cube.ide.mcu.externaltools.gnu-tools-for-stm32.10.3-2021.10.macos64_1.0.0.202111181127/tools/bin/../lib/gcc/arm-none-eabi/10.3.1/../../../../arm-none-eabi/lib/thumb/v7e-m+fp/hard/libc_nano.a
LOAD /Applications/STM32CubeIDE.app/Contents/Eclipse/plugins/com.st.stm32cube.ide.mcu.externaltools.gnu-tools-for-stm32.10.3-2021.10.macos64_1.0.0.202111181127/tools/bin/../lib/gcc/arm-none-eabi/10.3.1/../../../../arm-none-eabi/lib/thumb/v7e-m+fp/hard/libm.a
END GROUP
START GROUP
LOAD /Applications/STM32CubeIDE.app/Contents/Eclipse/plugins/com.st.stm32cube.ide.mcu.externaltools.gnu-tools-for-stm32.10.3-2021.10.macos64_1.0.0.202111181127/tools/bin/../lib/gcc/arm-none-eabi/10.3.1/thumb/v7e-m+fp/hard/libgcc.a
LOAD /Applications/STM32CubeIDE.app/Contents/Eclipse/plugins/com.st.stm32cube.ide.mcu.externaltools.gnu-tools-for-stm32.10.3-2021.10.macos64_1.0.0.202111181127/tools/bin/../lib/gcc/arm-none-eabi/10.3.1/../../../../arm-none-eabi/lib/thumb/v7e-m+fp/hard/libc_nano.a
END GROUP
START GROUP
LOAD /Applications/STM32CubeIDE.app/Contents/Eclipse/plugins/com.st.stm32cube.ide.mcu.externaltools.gnu-tools-for-stm32.10.3-2021.10.macos64_1.0.0.202111181127/tools/bin/../lib/gcc/arm-none-eabi/10.3.1/thumb/v7e-m+fp/hard/libgcc.a
LOAD /Applications/STM32CubeIDE.app/Contents/Eclipse/plugins/com.st.stm32cube.ide.mcu.externaltools.gnu-tools-for-stm32.10.3-2021.10.macos64_1.0.0.202111181127/tools/bin/../lib/gcc/arm-none-eabi/10.3.1/../../../../arm-none-eabi/lib/thumb/v7e-m+fp/hard/libc_nano.a
LOAD /Applications/STM32CubeIDE.app/Contents/Eclipse/plugins/com.st.stm32cube.ide.mcu.externaltools.gnu-tools-for-stm32.10.3-2021.10.macos64_1.0.0.202111181127/tools/bin/../lib/gcc/arm-none-eabi/10.3.1/../../../../arm-none-eabi/lib/thumb/v7e-m+fp/hard/libnosys.a
END GROUP
START GROUP
LOAD /Applications/STM32CubeIDE.app/Contents/Eclipse/plugins/com.st.stm32cube.ide.mcu.externaltools.gnu-tools-for-stm32.10.3-2021.10.macos64_1.0.0.202111181127/tools/bin/../lib/gcc/arm-none-eabi/10.3.1/thumb/v7e-m+fp/hard/libgcc.a
LOAD /Applications/STM32CubeIDE.app/Contents/Eclipse/plugins/com.st.stm32cube.ide.mcu.externaltools.gnu-tools-for-stm32.10.3-2021.10.macos64_1.0.0.202111181127/tools/bin/../lib/gcc/arm-none-eabi/10.3.1/../../../../arm-none-eabi/lib/thumb/v7e-m+fp/hard/libc_nano.a
LOAD /Applications/STM32CubeIDE.app/Contents/Eclipse/plugins/com.st.stm32cube.ide.mcu.externaltools.gnu-tools-for-stm32.10.3-2021.10.macos64_1.0.0.202111181127/tools/bin/../lib/gcc/arm-none-eabi/10.3.1/../../../../arm-none-eabi/lib/thumb/v7e-m+fp/hard/libnosys.a
END GROUP
LOAD /Applications/STM32CubeIDE.app/Contents/Eclipse/plugins/com.st.stm32cube.ide.mcu.externaltools.gnu-tools-for-stm32.10.3-2021.10.macos64_1.0.0.202111181127/tools/bin/../lib/gcc/arm-none-eabi/10.3.1/thumb/v7e-m+fp/hard/crtend.o
LOAD /Applications/STM32CubeIDE.app/Contents/Eclipse/plugins/com.st.stm32cube.ide.mcu.externaltools.gnu-tools-for-stm32.10.3-2021.10.macos64_1.0.0.202111181127/tools/bin/../lib/gcc/arm-none-eabi/10.3.1/thumb/v7e-m+fp/hard/crtn.o
                0x000000002000a000                _estack = (ORIGIN (RAM) + LENGTH (RAM))
                0x0000000000000200                _Min_Heap_Size = 0x200
                0x0000000000000400                _Min_Stack_Size = 0x400

.isr_vector     0x0000000008000000      0x188
                0x0000000008000000                . = ALIGN (0x4)
 *(.isr_vector)
 .isr_vector    0x0000000008000000      0x188 ./Application/User/Startup/startup_stm32f303vctx.o
                0x0000000008000000                g_pfnVectors
                0x0000000008000188                . = ALIGN (0x4)

.text           0x0000000008000188     0x3730
                0x0000000008000188                . = ALIGN (0x4)
 *(.text)
 .text          0x0000000008000188       0x40 /Applications/STM32CubeIDE.app/Contents/Eclipse/plugins/com.st.stm32cube.ide.mcu.externaltools.gnu-tools-for-stm32.10.3-2021.10.macos64_1.0.0.202111181127/tools/bin/../lib/gcc/arm-none-eabi/10.3.1/thumb/v7e-m+fp/hard/crtbegin.o
 *(.text*)
 .text.blink    0x00000000080001c8       0x6c ./Application/User/Core/main.o
                0x00000000080001c8                blink
 .text.main     0x0000000008000234       0xbc ./Application/User/Core/main.o
                0x0000000008000234                main
 .text.SystemClock_Config
                0x00000000080002f0       0xd0 ./Application/User/Core/main.o
                0x00000000080002f0                SystemClock_Config
 .text.MX_I2C1_Init
                0x00000000080003c0       0x80 ./Application/User/Core/main.o
 .text.MX_SPI1_Init
                0x0000000008000440       0x7c ./Application/User/Core/main.o
 .text.MX_USART1_UART_Init
                0x00000000080004bc       0x60 ./Application/User/Core/main.o
 .text.MX_USART2_UART_Init
                0x000000000800051c       0x60 ./Application/User/Core/main.o
 .text.MX_USART3_UART_Init
                0x000000000800057c       0x60 ./Application/User/Core/main.o
 .text.MX_USB_PCD_Init
                0x00000000080005dc       0x44 ./Application/User/Core/main.o
 .text.MX_GPIO_Init
                0x0000000008000620       0xfc ./Application/User/Core/main.o
 .text.Error_Handler
                0x000000000800071c        0xa ./Application/User/Core/main.o
                0x000000000800071c                Error_Handler
 *fill*         0x0000000008000726        0x2 
 .text.HAL_MspInit
                0x0000000008000728       0x48 ./Application/User/Core/stm32f3xx_hal_msp.o
                0x0000000008000728                HAL_MspInit
 .text.HAL_I2C_MspInit
                0x0000000008000770       0x88 ./Application/User/Core/stm32f3xx_hal_msp.o
                0x0000000008000770                HAL_I2C_MspInit
 .text.HAL_SPI_MspInit
                0x00000000080007f8       0x84 ./Application/User/Core/stm32f3xx_hal_msp.o
                0x00000000080007f8                HAL_SPI_MspInit
 .text.HAL_UART_MspInit
                0x000000000800087c      0x150 ./Application/User/Core/stm32f3xx_hal_msp.o
                0x000000000800087c                HAL_UART_MspInit
 .text.HAL_PCD_MspInit
                0x00000000080009cc       0x88 ./Application/User/Core/stm32f3xx_hal_msp.o
                0x00000000080009cc                HAL_PCD_MspInit
 .text.NMI_Handler
                0x0000000008000a54        0x6 ./Application/User/Core/stm32f3xx_it.o
                0x0000000008000a54                NMI_Handler
 .text.HardFault_Handler
                0x0000000008000a5a        0x6 ./Application/User/Core/stm32f3xx_it.o
                0x0000000008000a5a                HardFault_Handler
 .text.MemManage_Handler
                0x0000000008000a60        0x6 ./Application/User/Core/stm32f3xx_it.o
                0x0000000008000a60                MemManage_Handler
 .text.BusFault_Handler
                0x0000000008000a66        0x6 ./Application/User/Core/stm32f3xx_it.o
                0x0000000008000a66                BusFault_Handler
 .text.UsageFault_Handler
                0x0000000008000a6c        0x6 ./Application/User/Core/stm32f3xx_it.o
                0x0000000008000a6c                UsageFault_Handler
 .text.SVC_Handler
                0x0000000008000a72        0xe ./Application/User/Core/stm32f3xx_it.o
                0x0000000008000a72                SVC_Handler
 .text.DebugMon_Handler
                0x0000000008000a80        0xe ./Application/User/Core/stm32f3xx_it.o
                0x0000000008000a80                DebugMon_Handler
 .text.PendSV_Handler
                0x0000000008000a8e        0xe ./Application/User/Core/stm32f3xx_it.o
                0x0000000008000a8e                PendSV_Handler
 .text.SysTick_Handler
                0x0000000008000a9c        0xc ./Application/User/Core/stm32f3xx_it.o
                0x0000000008000a9c                SysTick_Handler
 .text.Reset_Handler
                0x0000000008000aa8       0x50 ./Application/User/Startup/startup_stm32f303vctx.o
                0x0000000008000aa8                Reset_Handler
 .text.Default_Handler
                0x0000000008000af8        0x2 ./Application/User/Startup/startup_stm32f303vctx.o
                0x0000000008000af8                TIM1_BRK_TIM15_IRQHandler
                0x0000000008000af8                TIM8_TRG_COM_IRQHandler
                0x0000000008000af8                TIM8_CC_IRQHandler
                0x0000000008000af8                TIM1_CC_IRQHandler
                0x0000000008000af8                USB_HP_IRQHandler
                0x0000000008000af8                PVD_IRQHandler
                0x0000000008000af8                TAMP_STAMP_IRQHandler
                0x0000000008000af8                EXTI3_IRQHandler
                0x0000000008000af8                USB_HP_CAN_TX_IRQHandler
                0x0000000008000af8                EXTI0_IRQHandler
                0x0000000008000af8                I2C2_EV_IRQHandler
                0x0000000008000af8                FPU_IRQHandler
                0x0000000008000af8                TIM1_UP_TIM16_IRQHandler
                0x0000000008000af8                ADC1_2_IRQHandler
                0x0000000008000af8                SPI1_IRQHandler
                0x0000000008000af8                CAN_SCE_IRQHandler
                0x0000000008000af8                TIM6_DAC_IRQHandler
                0x0000000008000af8                TIM8_UP_IRQHandler
                0x0000000008000af8                DMA2_Channel2_IRQHandler
                0x0000000008000af8                DMA1_Channel4_IRQHandler
                0x0000000008000af8                USART3_IRQHandler
                0x0000000008000af8                DMA1_Channel7_IRQHandler
                0x0000000008000af8                UART5_IRQHandler
                0x0000000008000af8                ADC3_IRQHandler
                0x0000000008000af8                TIM4_IRQHandler
                0x0000000008000af8                CAN_RX1_IRQHandler
                0x0000000008000af8                DMA2_Channel1_IRQHandler
                0x0000000008000af8                I2C1_EV_IRQHandler
                0x0000000008000af8                DMA1_Channel6_IRQHandler
                0x0000000008000af8                UART4_IRQHandler
                0x0000000008000af8                DMA2_Channel4_IRQHandler
                0x0000000008000af8                TIM3_IRQHandler
                0x0000000008000af8                RCC_IRQHandler
                0x0000000008000af8                DMA1_Channel1_IRQHandler
                0x0000000008000af8                Default_Handler
                0x0000000008000af8                USBWakeUp_RMP_IRQHandler
                0x0000000008000af8                EXTI15_10_IRQHandler
                0x0000000008000af8                TIM7_IRQHandler
                0x0000000008000af8                EXTI9_5_IRQHandler
                0x0000000008000af8                RTC_WKUP_IRQHandler
                0x0000000008000af8                SPI2_IRQHandler
                0x0000000008000af8                USB_LP_CAN_RX0_IRQHandler
                0x0000000008000af8                DMA2_Channel5_IRQHandler
                0x0000000008000af8                DMA1_Channel5_IRQHandler
                0x0000000008000af8                USB_LP_IRQHandler
                0x0000000008000af8                EXTI4_IRQHandler
                0x0000000008000af8                TIM1_TRG_COM_TIM17_IRQHandler
                0x0000000008000af8                DMA1_Channel3_IRQHandler
                0x0000000008000af8                ADC4_IRQHandler
                0x0000000008000af8                WWDG_IRQHandler
                0x0000000008000af8                TIM2_IRQHandler
                0x0000000008000af8                COMP7_IRQHandler
                0x0000000008000af8                COMP1_2_3_IRQHandler
                0x0000000008000af8                EXTI1_IRQHandler
                0x0000000008000af8                USART2_IRQHandler
                0x0000000008000af8                COMP4_5_6_IRQHandler
                0x0000000008000af8                I2C2_ER_IRQHandler
                0x0000000008000af8                DMA1_Channel2_IRQHandler
                0x0000000008000af8                TIM8_BRK_IRQHandler
                0x0000000008000af8                FLASH_IRQHandler
                0x0000000008000af8                USART1_IRQHandler
                0x0000000008000af8                SPI3_IRQHandler
                0x0000000008000af8                I2C1_ER_IRQHandler
                0x0000000008000af8                USBWakeUp_IRQHandler
                0x0000000008000af8                DMA2_Channel3_IRQHandler
                0x0000000008000af8                EXTI2_TSC_IRQHandler
                0x0000000008000af8                RTC_Alarm_IRQHandler
 *fill*         0x0000000008000afa        0x2 
 .text.SystemInit
                0x0000000008000afc       0x24 ./Drivers/CMSIS/system_stm32f3xx.o
                0x0000000008000afc                SystemInit
 .text.HAL_Init
                0x0000000008000b20       0x2c ./Drivers/STM32F3xx_HAL_Driver/stm32f3xx_hal.o
                0x0000000008000b20                HAL_Init
 .text.HAL_InitTick
                0x0000000008000b4c       0x60 ./Drivers/STM32F3xx_HAL_Driver/stm32f3xx_hal.o
                0x0000000008000b4c                HAL_InitTick
 .text.HAL_IncTick
                0x0000000008000bac       0x28 ./Drivers/STM32F3xx_HAL_Driver/stm32f3xx_hal.o
                0x0000000008000bac                HAL_IncTick
 .text.HAL_GetTick
                0x0000000008000bd4       0x18 ./Drivers/STM32F3xx_HAL_Driver/stm32f3xx_hal.o
                0x0000000008000bd4                HAL_GetTick
 .text.HAL_Delay
                0x0000000008000bec       0x48 ./Drivers/STM32F3xx_HAL_Driver/stm32f3xx_hal.o
                0x0000000008000bec                HAL_Delay
 .text.__NVIC_SetPriorityGrouping
                0x0000000008000c34       0x48 ./Drivers/STM32F3xx_HAL_Driver/stm32f3xx_hal_cortex.o
 .text.__NVIC_GetPriorityGrouping
                0x0000000008000c7c       0x1c ./Drivers/STM32F3xx_HAL_Driver/stm32f3xx_hal_cortex.o
 .text.__NVIC_SetPriority
                0x0000000008000c98       0x54 ./Drivers/STM32F3xx_HAL_Driver/stm32f3xx_hal_cortex.o
 .text.NVIC_EncodePriority
                0x0000000008000cec       0x66 ./Drivers/STM32F3xx_HAL_Driver/stm32f3xx_hal_cortex.o
 *fill*         0x0000000008000d52        0x2 
 .text.SysTick_Config
                0x0000000008000d54       0x44 ./Drivers/STM32F3xx_HAL_Driver/stm32f3xx_hal_cortex.o
 .text.HAL_NVIC_SetPriorityGrouping
                0x0000000008000d98       0x16 ./Drivers/STM32F3xx_HAL_Driver/stm32f3xx_hal_cortex.o
                0x0000000008000d98                HAL_NVIC_SetPriorityGrouping
 .text.HAL_NVIC_SetPriority
                0x0000000008000dae       0x38 ./Drivers/STM32F3xx_HAL_Driver/stm32f3xx_hal_cortex.o
                0x0000000008000dae                HAL_NVIC_SetPriority
 .text.HAL_SYSTICK_Config
                0x0000000008000de6       0x18 ./Drivers/STM32F3xx_HAL_Driver/stm32f3xx_hal_cortex.o
                0x0000000008000de6                HAL_SYSTICK_Config
 *fill*         0x0000000008000dfe        0x2 
 .text.HAL_GPIO_Init
                0x0000000008000e00      0x2f4 ./Drivers/STM32F3xx_HAL_Driver/stm32f3xx_hal_gpio.o
                0x0000000008000e00                HAL_GPIO_Init
 .text.HAL_GPIO_WritePin
                0x00000000080010f4       0x30 ./Drivers/STM32F3xx_HAL_Driver/stm32f3xx_hal_gpio.o
                0x00000000080010f4                HAL_GPIO_WritePin
 .text.HAL_GPIO_TogglePin
                0x0000000008001124       0x34 ./Drivers/STM32F3xx_HAL_Driver/stm32f3xx_hal_gpio.o
                0x0000000008001124                HAL_GPIO_TogglePin
 .text.HAL_I2C_Init
                0x0000000008001158      0x11e ./Drivers/STM32F3xx_HAL_Driver/stm32f3xx_hal_i2c.o
                0x0000000008001158                HAL_I2C_Init
 .text.HAL_I2CEx_ConfigAnalogFilter
                0x0000000008001276       0x96 ./Drivers/STM32F3xx_HAL_Driver/stm32f3xx_hal_i2c_ex.o
                0x0000000008001276                HAL_I2CEx_ConfigAnalogFilter
 .text.HAL_I2CEx_ConfigDigitalFilter
                0x000000000800130c       0x98 ./Drivers/STM32F3xx_HAL_Driver/stm32f3xx_hal_i2c_ex.o
                0x000000000800130c                HAL_I2CEx_ConfigDigitalFilter
 .text.HAL_PCD_Init
                0x00000000080013a4      0x1bc ./Drivers/STM32F3xx_HAL_Driver/stm32f3xx_hal_pcd.o
                0x00000000080013a4                HAL_PCD_Init
 .text.HAL_RCC_OscConfig
                0x0000000008001560     0x107c ./Drivers/STM32F3xx_HAL_Driver/stm32f3xx_hal_rcc.o
                0x0000000008001560                HAL_RCC_OscConfig
 .text.HAL_RCC_ClockConfig
                0x00000000080025dc      0x2f8 ./Drivers/STM32F3xx_HAL_Driver/stm32f3xx_hal_rcc.o
                0x00000000080025dc                HAL_RCC_ClockConfig
 .text.HAL_RCC_GetSysClockFreq
                0x00000000080028d4       0xd4 ./Drivers/STM32F3xx_HAL_Driver/stm32f3xx_hal_rcc.o
                0x00000000080028d4                HAL_RCC_GetSysClockFreq
 .text.HAL_RCC_GetHCLKFreq
                0x00000000080029a8       0x18 ./Drivers/STM32F3xx_HAL_Driver/stm32f3xx_hal_rcc.o
                0x00000000080029a8                HAL_RCC_GetHCLKFreq
 .text.HAL_RCC_GetPCLK1Freq
                0x00000000080029c0       0x44 ./Drivers/STM32F3xx_HAL_Driver/stm32f3xx_hal_rcc.o
                0x00000000080029c0                HAL_RCC_GetPCLK1Freq
 .text.HAL_RCC_GetPCLK2Freq
                0x0000000008002a04       0x44 ./Drivers/STM32F3xx_HAL_Driver/stm32f3xx_hal_rcc.o
                0x0000000008002a04                HAL_RCC_GetPCLK2Freq
 .text.HAL_RCCEx_PeriphCLKConfig
                0x0000000008002a48      0x360 ./Drivers/STM32F3xx_HAL_Driver/stm32f3xx_hal_rcc_ex.o
                0x0000000008002a48                HAL_RCCEx_PeriphCLKConfig
 .text.HAL_SPI_Init
                0x0000000008002da8      0x156 ./Drivers/STM32F3xx_HAL_Driver/stm32f3xx_hal_spi.o
                0x0000000008002da8                HAL_SPI_Init
 .text.HAL_UART_Init
                0x0000000008002efe       0x9c ./Drivers/STM32F3xx_HAL_Driver/stm32f3xx_hal_uart.o
                0x0000000008002efe                HAL_UART_Init
 .text.HAL_UART_Transmit
                0x0000000008002f9a      0x128 ./Drivers/STM32F3xx_HAL_Driver/stm32f3xx_hal_uart.o
                0x0000000008002f9a                HAL_UART_Transmit
 *fill*         0x00000000080030c2        0x2 
 .text.UART_SetConfig
                0x00000000080030c4      0x3ac ./Drivers/STM32F3xx_HAL_Driver/stm32f3xx_hal_uart.o
                0x00000000080030c4                UART_SetConfig
 .text.UART_AdvFeatureConfig
                0x0000000008003470      0x144 ./Drivers/STM32F3xx_HAL_Driver/stm32f3xx_hal_uart.o
                0x0000000008003470                UART_AdvFeatureConfig
 .text.UART_CheckIdleState
                0x00000000080035b4       0x92 ./Drivers/STM32F3xx_HAL_Driver/stm32f3xx_hal_uart.o
                0x00000000080035b4                UART_CheckIdleState
 .text.UART_WaitOnFlagUntilTimeout
                0x0000000008003646      0x188 ./Drivers/STM32F3xx_HAL_Driver/stm32f3xx_hal_uart.o
                0x0000000008003646                UART_WaitOnFlagUntilTimeout
 .text.USB_DisableGlobalInt
                0x00000000080037ce       0x36 ./Drivers/STM32F3xx_HAL_Driver/stm32f3xx_ll_usb.o
                0x00000000080037ce                USB_DisableGlobalInt
 .text.USB_DevInit
                0x0000000008003804       0x42 ./Drivers/STM32F3xx_HAL_Driver/stm32f3xx_ll_usb.o
                0x0000000008003804                USB_DevInit
 *fill*         0x0000000008003846        0x2 
 .text.__libc_init_array
                0x0000000008003848       0x48 /Applications/STM32CubeIDE.app/Contents/Eclipse/plugins/com.st.stm32cube.ide.mcu.externaltools.gnu-tools-for-stm32.10.3-2021.10.macos64_1.0.0.202111181127/tools/bin/../lib/gcc/arm-none-eabi/10.3.1/../../../../arm-none-eabi/lib/thumb/v7e-m+fp/hard/libc_nano.a(lib_a-init.o)
                0x0000000008003848                __libc_init_array
 .text.memset   0x0000000008003890       0x10 /Applications/STM32CubeIDE.app/Contents/Eclipse/plugins/com.st.stm32cube.ide.mcu.externaltools.gnu-tools-for-stm32.10.3-2021.10.macos64_1.0.0.202111181127/tools/bin/../lib/gcc/arm-none-eabi/10.3.1/../../../../arm-none-eabi/lib/thumb/v7e-m+fp/hard/libc_nano.a(lib_a-memset.o)
                0x0000000008003890                memset
 *(.glue_7)
 .glue_7        0x00000000080038a0        0x0 linker stubs
 *(.glue_7t)
 .glue_7t       0x00000000080038a0        0x0 linker stubs
 *(.eh_frame)
 .eh_frame      0x00000000080038a0        0x0 /Applications/STM32CubeIDE.app/Contents/Eclipse/plugins/com.st.stm32cube.ide.mcu.externaltools.gnu-tools-for-stm32.10.3-2021.10.macos64_1.0.0.202111181127/tools/bin/../lib/gcc/arm-none-eabi/10.3.1/thumb/v7e-m+fp/hard/crtbegin.o
 *(.init)
 .init          0x00000000080038a0        0x4 /Applications/STM32CubeIDE.app/Contents/Eclipse/plugins/com.st.stm32cube.ide.mcu.externaltools.gnu-tools-for-stm32.10.3-2021.10.macos64_1.0.0.202111181127/tools/bin/../lib/gcc/arm-none-eabi/10.3.1/thumb/v7e-m+fp/hard/crti.o
                0x00000000080038a0                _init
 .init          0x00000000080038a4        0x8 /Applications/STM32CubeIDE.app/Contents/Eclipse/plugins/com.st.stm32cube.ide.mcu.externaltools.gnu-tools-for-stm32.10.3-2021.10.macos64_1.0.0.202111181127/tools/bin/../lib/gcc/arm-none-eabi/10.3.1/thumb/v7e-m+fp/hard/crtn.o
 *(.fini)
 .fini          0x00000000080038ac        0x4 /Applications/STM32CubeIDE.app/Contents/Eclipse/plugins/com.st.stm32cube.ide.mcu.externaltools.gnu-tools-for-stm32.10.3-2021.10.macos64_1.0.0.202111181127/tools/bin/../lib/gcc/arm-none-eabi/10.3.1/thumb/v7e-m+fp/hard/crti.o
                0x00000000080038ac                _fini
 .fini          0x00000000080038b0        0x8 /Applications/STM32CubeIDE.app/Contents/Eclipse/plugins/com.st.stm32cube.ide.mcu.externaltools.gnu-tools-for-stm32.10.3-2021.10.macos64_1.0.0.202111181127/tools/bin/../lib/gcc/arm-none-eabi/10.3.1/thumb/v7e-m+fp/hard/crtn.o
                0x00000000080038b8                . = ALIGN (0x4)
                0x00000000080038b8                _etext = .

.vfp11_veneer   0x00000000080038b8        0x0
 .vfp11_veneer  0x00000000080038b8        0x0 linker stubs

.v4_bx          0x00000000080038b8        0x0
 .v4_bx         0x00000000080038b8        0x0 linker stubs

.iplt           0x00000000080038b8        0x0
 .iplt          0x00000000080038b8        0x0 /Applications/STM32CubeIDE.app/Contents/Eclipse/plugins/com.st.stm32cube.ide.mcu.externaltools.gnu-tools-for-stm32.10.3-2021.10.macos64_1.0.0.202111181127/tools/bin/../lib/gcc/arm-none-eabi/10.3.1/thumb/v7e-m+fp/hard/crtbegin.o

.rodata         0x00000000080038b8       0x5c
                0x00000000080038b8                . = ALIGN (0x4)
 *(.rodata)
 .rodata        0x00000000080038b8       0x22 ./Application/User/Core/main.o
 *(.rodata*)
 *fill*         0x00000000080038da        0x2 
 .rodata.AHBPrescTable
                0x00000000080038dc       0x10 ./Drivers/CMSIS/system_stm32f3xx.o
                0x00000000080038dc                AHBPrescTable
 .rodata.APBPrescTable
                0x00000000080038ec        0x8 ./Drivers/CMSIS/system_stm32f3xx.o
                0x00000000080038ec                APBPrescTable
 .rodata.aPLLMULFactorTable
                0x00000000080038f4       0x10 ./Drivers/STM32F3xx_HAL_Driver/stm32f3xx_hal_rcc.o
                0x00000000080038f4                aPLLMULFactorTable
 .rodata.aPredivFactorTable
                0x0000000008003904       0x10 ./Drivers/STM32F3xx_HAL_Driver/stm32f3xx_hal_rcc.o
                0x0000000008003904                aPredivFactorTable
                0x0000000008003914                . = ALIGN (0x4)

.rel.dyn        0x0000000008003914        0x0
 .rel.iplt      0x0000000008003914        0x0 /Applications/STM32CubeIDE.app/Contents/Eclipse/plugins/com.st.stm32cube.ide.mcu.externaltools.gnu-tools-for-stm32.10.3-2021.10.macos64_1.0.0.202111181127/tools/bin/../lib/gcc/arm-none-eabi/10.3.1/thumb/v7e-m+fp/hard/crtbegin.o

.ARM.extab      0x0000000008003914        0x0
                0x0000000008003914                . = ALIGN (0x4)
 *(.ARM.extab* .gnu.linkonce.armextab.*)
                0x0000000008003914                . = ALIGN (0x4)

.ARM            0x0000000008003914        0x0
                0x0000000008003914                . = ALIGN (0x4)
                0x0000000008003914                __exidx_start = .
 *(.ARM.exidx*)
                0x0000000008003914                __exidx_end = .
                0x0000000008003914                . = ALIGN (0x4)

.preinit_array  0x0000000008003914        0x0
                0x0000000008003914                . = ALIGN (0x4)
                0x0000000008003914                PROVIDE (__preinit_array_start = .)
 *(.preinit_array*)
                0x0000000008003914                PROVIDE (__preinit_array_end = .)
                0x0000000008003914                . = ALIGN (0x4)

.init_array     0x0000000008003914        0x4
                0x0000000008003914                . = ALIGN (0x4)
                0x0000000008003914                PROVIDE (__init_array_start = .)
 *(SORT_BY_NAME(.init_array.*))
 *(.init_array*)
 .init_array    0x0000000008003914        0x4 /Applications/STM32CubeIDE.app/Contents/Eclipse/plugins/com.st.stm32cube.ide.mcu.externaltools.gnu-tools-for-stm32.10.3-2021.10.macos64_1.0.0.202111181127/tools/bin/../lib/gcc/arm-none-eabi/10.3.1/thumb/v7e-m+fp/hard/crtbegin.o
                0x0000000008003918                PROVIDE (__init_array_end = .)
                0x0000000008003918                . = ALIGN (0x4)

.fini_array     0x0000000008003918        0x4
                0x0000000008003918                . = ALIGN (0x4)
                [!provide]                        PROVIDE (__fini_array_start = .)
 *(SORT_BY_NAME(.fini_array.*))
 *(.fini_array*)
 .fini_array    0x0000000008003918        0x4 /Applications/STM32CubeIDE.app/Contents/Eclipse/plugins/com.st.stm32cube.ide.mcu.externaltools.gnu-tools-for-stm32.10.3-2021.10.macos64_1.0.0.202111181127/tools/bin/../lib/gcc/arm-none-eabi/10.3.1/thumb/v7e-m+fp/hard/crtbegin.o
                [!provide]                        PROVIDE (__fini_array_end = .)
                0x000000000800391c                . = ALIGN (0x4)
                0x000000000800391c                _sidata = LOADADDR (.data)

.data           0x0000000020000000        0xc load address 0x000000000800391c
                0x0000000020000000                . = ALIGN (0x4)
                0x0000000020000000                _sdata = .
 *(.data)
 *(.data*)
 .data.SystemCoreClock
                0x0000000020000000        0x4 ./Drivers/CMSIS/system_stm32f3xx.o
                0x0000000020000000                SystemCoreClock
 .data.uwTickPrio
                0x0000000020000004        0x4 ./Drivers/STM32F3xx_HAL_Driver/stm32f3xx_hal.o
                0x0000000020000004                uwTickPrio
 .data.uwTickFreq
                0x0000000020000008        0x1 ./Drivers/STM32F3xx_HAL_Driver/stm32f3xx_hal.o
                0x0000000020000008                uwTickFreq
 *(.RamFunc)
 *(.RamFunc*)
                0x000000002000000c                . = ALIGN (0x4)
 *fill*         0x0000000020000009        0x3 
                0x000000002000000c                _edata = .

.igot.plt       0x000000002000000c        0x0 load address 0x0000000008003928
 .igot.plt      0x000000002000000c        0x0 /Applications/STM32CubeIDE.app/Contents/Eclipse/plugins/com.st.stm32cube.ide.mcu.externaltools.gnu-tools-for-stm32.10.3-2021.10.macos64_1.0.0.202111181127/tools/bin/../lib/gcc/arm-none-eabi/10.3.1/thumb/v7e-m+fp/hard/crtbegin.o
                0x000000002000000c                . = ALIGN (0x4)

.bss            0x000000002000000c      0x548 load address 0x0000000008003928
                0x000000002000000c                _sbss = .
                0x000000002000000c                __bss_start__ = _sbss
 *(.bss)
 .bss           0x000000002000000c       0x1c /Applications/STM32CubeIDE.app/Contents/Eclipse/plugins/com.st.stm32cube.ide.mcu.externaltools.gnu-tools-for-stm32.10.3-2021.10.macos64_1.0.0.202111181127/tools/bin/../lib/gcc/arm-none-eabi/10.3.1/thumb/v7e-m+fp/hard/crtbegin.o
 *(.bss*)
 .bss.hi2c1     0x0000000020000028       0x4c ./Application/User/Core/main.o
                0x0000000020000028                hi2c1
 .bss.hspi1     0x0000000020000074       0x64 ./Application/User/Core/main.o
                0x0000000020000074                hspi1
 .bss.huart1    0x00000000200000d8       0x84 ./Application/User/Core/main.o
                0x00000000200000d8                huart1
 .bss.huart2    0x000000002000015c       0x84 ./Application/User/Core/main.o
                0x000000002000015c                huart2
 .bss.huart3    0x00000000200001e0       0x84 ./Application/User/Core/main.o
                0x00000000200001e0                huart3
 .bss.hpcd_USB_FS
                0x0000000020000264      0x2ec ./Application/User/Core/main.o
                0x0000000020000264                hpcd_USB_FS
 .bss.uwTick    0x0000000020000550        0x4 ./Drivers/STM32F3xx_HAL_Driver/stm32f3xx_hal.o
                0x0000000020000550                uwTick
 *(COMMON)
                0x0000000020000554                . = ALIGN (0x4)
                0x0000000020000554                _ebss = .
                0x0000000020000554                __bss_end__ = _ebss

._user_heap_stack
                0x0000000020000554      0x604 load address 0x0000000008003928
                0x0000000020000558                . = ALIGN (0x8)
 *fill*         0x0000000020000554        0x4 
                [!provide]                        PROVIDE (end = .)
                0x0000000020000558                PROVIDE (_end = .)
                0x0000000020000758                . = (. + _Min_Heap_Size)
 *fill*         0x0000000020000558      0x200 
                0x0000000020000b58                . = (. + _Min_Stack_Size)
 *fill*         0x0000000020000758      0x400 
                0x0000000020000b58                . = ALIGN (0x8)

/DISCARD/
 libc.a(*)
 libm.a(*)
 libgcc.a(*)

.ARM.attributes
                0x0000000000000000       0x30
 *(.ARM.attributes)
 .ARM.attributes
                0x0000000000000000       0x1e /Applications/STM32CubeIDE.app/Contents/Eclipse/plugins/com.st.stm32cube.ide.mcu.externaltools.gnu-tools-for-stm32.10.3-2021.10.macos64_1.0.0.202111181127/tools/bin/../lib/gcc/arm-none-eabi/10.3.1/thumb/v7e-m+fp/hard/crti.o
 .ARM.attributes
                0x000000000000001e       0x34 /Applications/STM32CubeIDE.app/Contents/Eclipse/plugins/com.st.stm32cube.ide.mcu.externaltools.gnu-tools-for-stm32.10.3-2021.10.macos64_1.0.0.202111181127/tools/bin/../lib/gcc/arm-none-eabi/10.3.1/thumb/v7e-m+fp/hard/crtbegin.o
 .ARM.attributes
                0x0000000000000052       0x34 ./Application/User/Core/main.o
 .ARM.attributes
                0x0000000000000086       0x34 ./Application/User/Core/stm32f3xx_hal_msp.o
 .ARM.attributes
                0x00000000000000ba       0x34 ./Application/User/Core/stm32f3xx_it.o
 .ARM.attributes
                0x00000000000000ee       0x21 ./Application/User/Startup/startup_stm32f303vctx.o
 .ARM.attributes
                0x000000000000010f       0x34 ./Drivers/CMSIS/system_stm32f3xx.o
 .ARM.attributes
                0x0000000000000143       0x34 ./Drivers/STM32F3xx_HAL_Driver/stm32f3xx_hal.o
 .ARM.attributes
                0x0000000000000177       0x34 ./Drivers/STM32F3xx_HAL_Driver/stm32f3xx_hal_cortex.o
 .ARM.attributes
                0x00000000000001ab       0x34 ./Drivers/STM32F3xx_HAL_Driver/stm32f3xx_hal_gpio.o
 .ARM.attributes
                0x00000000000001df       0x34 ./Drivers/STM32F3xx_HAL_Driver/stm32f3xx_hal_i2c.o
 .ARM.attributes
                0x0000000000000213       0x34 ./Drivers/STM32F3xx_HAL_Driver/stm32f3xx_hal_i2c_ex.o
 .ARM.attributes
                0x0000000000000247       0x34 ./Drivers/STM32F3xx_HAL_Driver/stm32f3xx_hal_pcd.o
 .ARM.attributes
                0x000000000000027b       0x34 ./Drivers/STM32F3xx_HAL_Driver/stm32f3xx_hal_rcc.o
 .ARM.attributes
                0x00000000000002af       0x34 ./Drivers/STM32F3xx_HAL_Driver/stm32f3xx_hal_rcc_ex.o
 .ARM.attributes
                0x00000000000002e3       0x34 ./Drivers/STM32F3xx_HAL_Driver/stm32f3xx_hal_spi.o
 .ARM.attributes
                0x0000000000000317       0x34 ./Drivers/STM32F3xx_HAL_Driver/stm32f3xx_hal_uart.o
 .ARM.attributes
                0x000000000000034b       0x34 ./Drivers/STM32F3xx_HAL_Driver/stm32f3xx_ll_usb.o
 .ARM.attributes
                0x000000000000037f       0x34 /Applications/STM32CubeIDE.app/Contents/Eclipse/plugins/com.st.stm32cube.ide.mcu.externaltools.gnu-tools-for-stm32.10.3-2021.10.macos64_1.0.0.202111181127/tools/bin/../lib/gcc/arm-none-eabi/10.3.1/../../../../arm-none-eabi/lib/thumb/v7e-m+fp/hard/libc_nano.a(lib_a-init.o)
 .ARM.attributes
                0x00000000000003b3       0x34 /Applications/STM32CubeIDE.app/Contents/Eclipse/plugins/com.st.stm32cube.ide.mcu.externaltools.gnu-tools-for-stm32.10.3-2021.10.macos64_1.0.0.202111181127/tools/bin/../lib/gcc/arm-none-eabi/10.3.1/../../../../arm-none-eabi/lib/thumb/v7e-m+fp/hard/libc_nano.a(lib_a-memset.o)
 .ARM.attributes
                0x00000000000003e7       0x1e /Applications/STM32CubeIDE.app/Contents/Eclipse/plugins/com.st.stm32cube.ide.mcu.externaltools.gnu-tools-for-stm32.10.3-2021.10.macos64_1.0.0.202111181127/tools/bin/../lib/gcc/arm-none-eabi/10.3.1/thumb/v7e-m+fp/hard/crtn.o
OUTPUT(usart_test.elf elf32-littlearm)
LOAD linker stubs
LOAD /Applications/STM32CubeIDE.app/Contents/Eclipse/plugins/com.st.stm32cube.ide.mcu.externaltools.gnu-tools-for-stm32.10.3-2021.10.macos64_1.0.0.202111181127/tools/bin/../lib/gcc/arm-none-eabi/10.3.1/../../../../arm-none-eabi/lib/thumb/v7e-m+fp/hard/libc.a
LOAD /Applications/STM32CubeIDE.app/Contents/Eclipse/plugins/com.st.stm32cube.ide.mcu.externaltools.gnu-tools-for-stm32.10.3-2021.10.macos64_1.0.0.202111181127/tools/bin/../lib/gcc/arm-none-eabi/10.3.1/../../../../arm-none-eabi/lib/thumb/v7e-m+fp/hard/libm.a
LOAD /Applications/STM32CubeIDE.app/Contents/Eclipse/plugins/com.st.stm32cube.ide.mcu.externaltools.gnu-tools-for-stm32.10.3-2021.10.macos64_1.0.0.202111181127/tools/bin/../lib/gcc/arm-none-eabi/10.3.1/thumb/v7e-m+fp/hard/libgcc.a

.debug_info     0x0000000000000000    0x1154a
 .debug_info    0x0000000000000000     0x1905 ./Application/User/Core/main.o
 .debug_info    0x0000000000001905     0x15ac ./Application/User/Core/stm32f3xx_hal_msp.o
 .debug_info    0x0000000000002eb1      0x122 ./Application/User/Core/stm32f3xx_it.o
 .debug_info    0x0000000000002fd3       0x22 ./Application/User/Startup/startup_stm32f303vctx.o
 .debug_info    0x0000000000002ff5      0x416 ./Drivers/CMSIS/system_stm32f3xx.o
 .debug_info    0x000000000000340b      0x807 ./Drivers/STM32F3xx_HAL_Driver/stm32f3xx_hal.o
 .debug_info    0x0000000000003c12      0xd85 ./Drivers/STM32F3xx_HAL_Driver/stm32f3xx_hal_cortex.o
 .debug_info    0x0000000000004997      0x68a ./Drivers/STM32F3xx_HAL_Driver/stm32f3xx_hal_gpio.o
 .debug_info    0x0000000000005021     0x214e ./Drivers/STM32F3xx_HAL_Driver/stm32f3xx_hal_i2c.o
 .debug_info    0x000000000000716f      0x891 ./Drivers/STM32F3xx_HAL_Driver/stm32f3xx_hal_i2c_ex.o
 .debug_info    0x0000000000007a00     0x170c ./Drivers/STM32F3xx_HAL_Driver/stm32f3xx_hal_pcd.o
 .debug_info    0x000000000000910c     0x1586 ./Drivers/STM32F3xx_HAL_Driver/stm32f3xx_hal_rcc.o
 .debug_info    0x000000000000a692      0x61d ./Drivers/STM32F3xx_HAL_Driver/stm32f3xx_hal_rcc_ex.o
 .debug_info    0x000000000000acaf     0x178c ./Drivers/STM32F3xx_HAL_Driver/stm32f3xx_hal_spi.o
 .debug_info    0x000000000000c43b     0x3ad3 ./Drivers/STM32F3xx_HAL_Driver/stm32f3xx_hal_uart.o
 .debug_info    0x000000000000ff0e     0x163c ./Drivers/STM32F3xx_HAL_Driver/stm32f3xx_ll_usb.o

.debug_abbrev   0x0000000000000000     0x2081
 .debug_abbrev  0x0000000000000000      0x2d2 ./Application/User/Core/main.o
 .debug_abbrev  0x00000000000002d2      0x1fd ./Application/User/Core/stm32f3xx_hal_msp.o
 .debug_abbrev  0x00000000000004cf       0x74 ./Application/User/Core/stm32f3xx_it.o
 .debug_abbrev  0x0000000000000543       0x12 ./Application/User/Startup/startup_stm32f303vctx.o
 .debug_abbrev  0x0000000000000555      0x116 ./Drivers/CMSIS/system_stm32f3xx.o
 .debug_abbrev  0x000000000000066b      0x20e ./Drivers/STM32F3xx_HAL_Driver/stm32f3xx_hal.o
 .debug_abbrev  0x0000000000000879      0x316 ./Drivers/STM32F3xx_HAL_Driver/stm32f3xx_hal_cortex.o
 .debug_abbrev  0x0000000000000b8f      0x1bb ./Drivers/STM32F3xx_HAL_Driver/stm32f3xx_hal_gpio.o
 .debug_abbrev  0x0000000000000d4a      0x243 ./Drivers/STM32F3xx_HAL_Driver/stm32f3xx_hal_i2c.o
 .debug_abbrev  0x0000000000000f8d      0x1b0 ./Drivers/STM32F3xx_HAL_Driver/stm32f3xx_hal_i2c_ex.o
 .debug_abbrev  0x000000000000113d      0x2c0 ./Drivers/STM32F3xx_HAL_Driver/stm32f3xx_hal_pcd.o
 .debug_abbrev  0x00000000000013fd      0x30c ./Drivers/STM32F3xx_HAL_Driver/stm32f3xx_hal_rcc.o
 .debug_abbrev  0x0000000000001709      0x239 ./Drivers/STM32F3xx_HAL_Driver/stm32f3xx_hal_rcc_ex.o
 .debug_abbrev  0x0000000000001942      0x254 ./Drivers/STM32F3xx_HAL_Driver/stm32f3xx_hal_spi.o
 .debug_abbrev  0x0000000000001b96      0x2bc ./Drivers/STM32F3xx_HAL_Driver/stm32f3xx_hal_uart.o
 .debug_abbrev  0x0000000000001e52      0x22f ./Drivers/STM32F3xx_HAL_Driver/stm32f3xx_ll_usb.o

.debug_aranges  0x0000000000000000      0xd50
 .debug_aranges
                0x0000000000000000       0x70 ./Application/User/Core/main.o
 .debug_aranges
                0x0000000000000070       0x60 ./Application/User/Core/stm32f3xx_hal_msp.o
 .debug_aranges
                0x00000000000000d0       0x60 ./Application/User/Core/stm32f3xx_it.o
 .debug_aranges
                0x0000000000000130       0x28 ./Application/User/Startup/startup_stm32f303vctx.o
 .debug_aranges
                0x0000000000000158       0x28 ./Drivers/CMSIS/system_stm32f3xx.o
 .debug_aranges
                0x0000000000000180       0xe0 ./Drivers/STM32F3xx_HAL_Driver/stm32f3xx_hal.o
 .debug_aranges
                0x0000000000000260      0x118 ./Drivers/STM32F3xx_HAL_Driver/stm32f3xx_hal_cortex.o
 .debug_aranges
                0x0000000000000378       0x58 ./Drivers/STM32F3xx_HAL_Driver/stm32f3xx_hal_gpio.o
 .debug_aranges
                0x00000000000003d0      0x290 ./Drivers/STM32F3xx_HAL_Driver/stm32f3xx_hal_i2c.o
 .debug_aranges
                0x0000000000000660       0x48 ./Drivers/STM32F3xx_HAL_Driver/stm32f3xx_hal_i2c_ex.o
 .debug_aranges
                0x00000000000006a8      0x138 ./Drivers/STM32F3xx_HAL_Driver/stm32f3xx_hal_pcd.o
 .debug_aranges
                0x00000000000007e0       0x88 ./Drivers/STM32F3xx_HAL_Driver/stm32f3xx_hal_rcc.o
 .debug_aranges
                0x0000000000000868       0x38 ./Drivers/STM32F3xx_HAL_Driver/stm32f3xx_hal_rcc_ex.o
 .debug_aranges
                0x00000000000008a0      0x1d8 ./Drivers/STM32F3xx_HAL_Driver/stm32f3xx_hal_spi.o
 .debug_aranges
                0x0000000000000a78      0x228 ./Drivers/STM32F3xx_HAL_Driver/stm32f3xx_hal_uart.o
 .debug_aranges
                0x0000000000000ca0       0xb0 ./Drivers/STM32F3xx_HAL_Driver/stm32f3xx_ll_usb.o

.debug_ranges   0x0000000000000000      0xc88
 .debug_ranges  0x0000000000000000       0x60 ./Application/User/Core/main.o
 .debug_ranges  0x0000000000000060       0x50 ./Application/User/Core/stm32f3xx_hal_msp.o
 .debug_ranges  0x00000000000000b0       0x50 ./Application/User/Core/stm32f3xx_it.o
 .debug_ranges  0x0000000000000100       0x20 ./Application/User/Startup/startup_stm32f303vctx.o
 .debug_ranges  0x0000000000000120       0x18 ./Drivers/CMSIS/system_stm32f3xx.o
 .debug_ranges  0x0000000000000138       0xd0 ./Drivers/STM32F3xx_HAL_Driver/stm32f3xx_hal.o
 .debug_ranges  0x0000000000000208      0x108 ./Drivers/STM32F3xx_HAL_Driver/stm32f3xx_hal_cortex.o
 .debug_ranges  0x0000000000000310       0x48 ./Drivers/STM32F3xx_HAL_Driver/stm32f3xx_hal_gpio.o
 .debug_ranges  0x0000000000000358      0x280 ./Drivers/STM32F3xx_HAL_Driver/stm32f3xx_hal_i2c.o
 .debug_ranges  0x00000000000005d8       0x38 ./Drivers/STM32F3xx_HAL_Driver/stm32f3xx_hal_i2c_ex.o
 .debug_ranges  0x0000000000000610      0x128 ./Drivers/STM32F3xx_HAL_Driver/stm32f3xx_hal_pcd.o
 .debug_ranges  0x0000000000000738       0x78 ./Drivers/STM32F3xx_HAL_Driver/stm32f3xx_hal_rcc.o
 .debug_ranges  0x00000000000007b0       0x28 ./Drivers/STM32F3xx_HAL_Driver/stm32f3xx_hal_rcc_ex.o
 .debug_ranges  0x00000000000007d8      0x1c8 ./Drivers/STM32F3xx_HAL_Driver/stm32f3xx_hal_spi.o
 .debug_ranges  0x00000000000009a0      0x248 ./Drivers/STM32F3xx_HAL_Driver/stm32f3xx_hal_uart.o
 .debug_ranges  0x0000000000000be8       0xa0 ./Drivers/STM32F3xx_HAL_Driver/stm32f3xx_ll_usb.o

.debug_macro    0x0000000000000000    0x1d3dc
 .debug_macro   0x0000000000000000      0x20b ./Application/User/Core/main.o
 .debug_macro   0x000000000000020b      0xa78 ./Application/User/Core/main.o
 .debug_macro   0x0000000000000c83      0x15d ./Application/User/Core/main.o
 .debug_macro   0x0000000000000de0       0x2e ./Application/User/Core/main.o
 .debug_macro   0x0000000000000e0e       0x28 ./Application/User/Core/main.o
 .debug_macro   0x0000000000000e36       0x22 ./Application/User/Core/main.o
 .debug_macro   0x0000000000000e58       0x8e ./Application/User/Core/main.o
 .debug_macro   0x0000000000000ee6       0x51 ./Application/User/Core/main.o
 .debug_macro   0x0000000000000f37      0x103 ./Application/User/Core/main.o
 .debug_macro   0x000000000000103a       0x6a ./Application/User/Core/main.o
 .debug_macro   0x00000000000010a4      0x1df ./Application/User/Core/main.o
 .debug_macro   0x0000000000001283       0x1c ./Application/User/Core/main.o
 .debug_macro   0x000000000000129f       0x22 ./Application/User/Core/main.o
 .debug_macro   0x00000000000012c1       0xd9 ./Application/User/Core/main.o
 .debug_macro   0x000000000000139a     0x102d ./Application/User/Core/main.o
 .debug_macro   0x00000000000023c7      0x11f ./Application/User/Core/main.o
 .debug_macro   0x00000000000024e6    0x12a3a ./Application/User/Core/main.o
 .debug_macro   0x0000000000014f20       0x6d ./Application/User/Core/main.o
 .debug_macro   0x0000000000014f8d     0x3540 ./Application/User/Core/main.o
 .debug_macro   0x00000000000184cd      0x174 ./Application/User/Core/main.o
 .debug_macro   0x0000000000018641       0x55 ./Application/User/Core/main.o
 .debug_macro   0x0000000000018696      0x962 ./Application/User/Core/main.o
 .debug_macro   0x0000000000018ff8      0x5fe ./Application/User/Core/main.o
 .debug_macro   0x00000000000195f6      0x1b6 ./Application/User/Core/main.o
 .debug_macro   0x00000000000197ac      0x1fb ./Application/User/Core/main.o
 .debug_macro   0x00000000000199a7      0x1dc ./Application/User/Core/main.o
 .debug_macro   0x0000000000019b83      0x1bc ./Application/User/Core/main.o
 .debug_macro   0x0000000000019d3f       0x30 ./Application/User/Core/main.o
 .debug_macro   0x0000000000019d6f       0x3c ./Application/User/Core/main.o
 .debug_macro   0x0000000000019dab      0x236 ./Application/User/Core/main.o
 .debug_macro   0x0000000000019fe1       0xc5 ./Application/User/Core/main.o
 .debug_macro   0x000000000001a0a6      0x21d ./Application/User/Core/main.o
 .debug_macro   0x000000000001a2c3      0x22c ./Application/User/Core/main.o
 .debug_macro   0x000000000001a4ef       0x5b ./Application/User/Core/main.o
 .debug_macro   0x000000000001a54a       0xa5 ./Application/User/Core/main.o
 .debug_macro   0x000000000001a5ef       0x65 ./Application/User/Core/main.o
 .debug_macro   0x000000000001a654      0x249 ./Application/User/Core/main.o
 .debug_macro   0x000000000001a89d       0x81 ./Application/User/Core/main.o
 .debug_macro   0x000000000001a91e       0xd3 ./Application/User/Core/main.o
 .debug_macro   0x000000000001a9f1      0x2fe ./Application/User/Core/main.o
 .debug_macro   0x000000000001acef      0x5a5 ./Application/User/Core/main.o
 .debug_macro   0x000000000001b294       0x3e ./Application/User/Core/main.o
 .debug_macro   0x000000000001b2d2      0x275 ./Application/User/Core/main.o
 .debug_macro   0x000000000001b547      0x160 ./Application/User/Core/main.o
 .debug_macro   0x000000000001b6a7      0x20b ./Application/User/Core/stm32f3xx_hal_msp.o
 .debug_macro   0x000000000001b8b2      0x215 ./Application/User/Core/stm32f3xx_it.o
 .debug_macro   0x000000000001bac7      0x1fc ./Drivers/CMSIS/system_stm32f3xx.o
 .debug_macro   0x000000000001bcc3      0x220 ./Drivers/STM32F3xx_HAL_Driver/stm32f3xx_hal.o
 .debug_macro   0x000000000001bee3      0x1fc ./Drivers/STM32F3xx_HAL_Driver/stm32f3xx_hal_cortex.o
 .debug_macro   0x000000000001c0df      0x203 ./Drivers/STM32F3xx_HAL_Driver/stm32f3xx_hal_gpio.o
 .debug_macro   0x000000000001c2e2      0x2c1 ./Drivers/STM32F3xx_HAL_Driver/stm32f3xx_hal_i2c.o
 .debug_macro   0x000000000001c5a3      0x1fc ./Drivers/STM32F3xx_HAL_Driver/stm32f3xx_hal_i2c_ex.o
 .debug_macro   0x000000000001c79f      0x208 ./Drivers/STM32F3xx_HAL_Driver/stm32f3xx_hal_pcd.o
 .debug_macro   0x000000000001c9a7      0x220 ./Drivers/STM32F3xx_HAL_Driver/stm32f3xx_hal_rcc.o
 .debug_macro   0x000000000001cbc7      0x1fc ./Drivers/STM32F3xx_HAL_Driver/stm32f3xx_hal_rcc_ex.o
 .debug_macro   0x000000000001cdc3      0x204 ./Drivers/STM32F3xx_HAL_Driver/stm32f3xx_hal_spi.o
 .debug_macro   0x000000000001cfc7      0x219 ./Drivers/STM32F3xx_HAL_Driver/stm32f3xx_hal_uart.o
 .debug_macro   0x000000000001d1e0      0x1fc ./Drivers/STM32F3xx_HAL_Driver/stm32f3xx_ll_usb.o

.debug_line     0x0000000000000000    0x11a47
 .debug_line    0x0000000000000000      0xa21 ./Application/User/Core/main.o
 .debug_line    0x0000000000000a21      0x920 ./Application/User/Core/stm32f3xx_hal_msp.o
 .debug_line    0x0000000000001341      0x84a ./Application/User/Core/stm32f3xx_it.o
 .debug_line    0x0000000000001b8b       0x94 ./Application/User/Startup/startup_stm32f303vctx.o
 .debug_line    0x0000000000001c1f      0x7fe ./Drivers/CMSIS/system_stm32f3xx.o
 .debug_line    0x000000000000241d      0xa33 ./Drivers/STM32F3xx_HAL_Driver/stm32f3xx_hal.o
 .debug_line    0x0000000000002e50      0xcf8 ./Drivers/STM32F3xx_HAL_Driver/stm32f3xx_hal_cortex.o
 .debug_line    0x0000000000003b48      0xb94 ./Drivers/STM32F3xx_HAL_Driver/stm32f3xx_hal_gpio.o
 .debug_line    0x00000000000046dc     0x3342 ./Drivers/STM32F3xx_HAL_Driver/stm32f3xx_hal_i2c.o
 .debug_line    0x0000000000007a1e      0x9a5 ./Drivers/STM32F3xx_HAL_Driver/stm32f3xx_hal_i2c_ex.o
 .debug_line    0x00000000000083c3     0x1364 ./Drivers/STM32F3xx_HAL_Driver/stm32f3xx_hal_pcd.o
 .debug_line    0x0000000000009727     0x1410 ./Drivers/STM32F3xx_HAL_Driver/stm32f3xx_hal_rcc.o
 .debug_line    0x000000000000ab37      0xd9d ./Drivers/STM32F3xx_HAL_Driver/stm32f3xx_hal_rcc_ex.o
 .debug_line    0x000000000000b8d4     0x1ff0 ./Drivers/STM32F3xx_HAL_Driver/stm32f3xx_hal_spi.o
 .debug_line    0x000000000000d8c4     0x319c ./Drivers/STM32F3xx_HAL_Driver/stm32f3xx_hal_uart.o
 .debug_line    0x0000000000010a60      0xfe7 ./Drivers/STM32F3xx_HAL_Driver/stm32f3xx_ll_usb.o

.debug_str      0x0000000000000000    0xafd13
 .debug_str     0x0000000000000000    0xac7ed ./Application/User/Core/main.o
                                      0xacfb7 (size before relaxing)
 .debug_str     0x00000000000ac7ed      0x117 ./Application/User/Core/stm32f3xx_hal_msp.o
                                      0xacc1c (size before relaxing)
 .debug_str     0x00000000000ac904       0xe8 ./Application/User/Core/stm32f3xx_it.o
                                      0xabfad (size before relaxing)
 .debug_str     0x00000000000ac9ec       0x42 ./Application/User/Startup/startup_stm32f303vctx.o
                                         0x77 (size before relaxing)
 .debug_str     0x00000000000aca2e       0xfe ./Drivers/CMSIS/system_stm32f3xx.o
                                      0xabb23 (size before relaxing)
 .debug_str     0x00000000000acb2c      0x6d2 ./Drivers/STM32F3xx_HAL_Driver/stm32f3xx_hal.o
                                      0xac361 (size before relaxing)
 .debug_str     0x00000000000ad1fe      0x36d ./Drivers/STM32F3xx_HAL_Driver/stm32f3xx_hal_cortex.o
                                      0xac3b3 (size before relaxing)
 .debug_str     0x00000000000ad56b      0x12d ./Drivers/STM32F3xx_HAL_Driver/stm32f3xx_hal_gpio.o
                                      0xabc90 (size before relaxing)
 .debug_str     0x00000000000ad698      0xdfb ./Drivers/STM32F3xx_HAL_Driver/stm32f3xx_hal_i2c.o
                                      0xacd8c (size before relaxing)
 .debug_str     0x00000000000ae493       0xd7 ./Drivers/STM32F3xx_HAL_Driver/stm32f3xx_hal_i2c_ex.o
                                      0xac02e (size before relaxing)
 .debug_str     0x00000000000ae56a      0x4f7 ./Drivers/STM32F3xx_HAL_Driver/stm32f3xx_hal_pcd.o
                                      0xac325 (size before relaxing)
 .debug_str     0x00000000000aea61      0x2e5 ./Drivers/STM32F3xx_HAL_Driver/stm32f3xx_hal_rcc.o
                                      0xabfc3 (size before relaxing)
 .debug_str     0x00000000000aed46       0xdd ./Drivers/STM32F3xx_HAL_Driver/stm32f3xx_hal_rcc_ex.o
                                      0xabd87 (size before relaxing)
 .debug_str     0x00000000000aee23      0x59a ./Drivers/STM32F3xx_HAL_Driver/stm32f3xx_hal_spi.o
                                      0xac449 (size before relaxing)
 .debug_str     0x00000000000af3bd      0x86b ./Drivers/STM32F3xx_HAL_Driver/stm32f3xx_hal_uart.o
                                      0xac81e (size before relaxing)
 .debug_str     0x00000000000afc28       0xeb ./Drivers/STM32F3xx_HAL_Driver/stm32f3xx_ll_usb.o
                                      0xabe89 (size before relaxing)

.comment        0x0000000000000000       0x50
 .comment       0x0000000000000000       0x50 ./Application/User/Core/main.o
                                         0x51 (size before relaxing)
 .comment       0x0000000000000050       0x51 ./Application/User/Core/stm32f3xx_hal_msp.o
 .comment       0x0000000000000050       0x51 ./Application/User/Core/stm32f3xx_it.o
 .comment       0x0000000000000050       0x51 ./Drivers/CMSIS/system_stm32f3xx.o
 .comment       0x0000000000000050       0x51 ./Drivers/STM32F3xx_HAL_Driver/stm32f3xx_hal.o
 .comment       0x0000000000000050       0x51 ./Drivers/STM32F3xx_HAL_Driver/stm32f3xx_hal_cortex.o
 .comment       0x0000000000000050       0x51 ./Drivers/STM32F3xx_HAL_Driver/stm32f3xx_hal_gpio.o
 .comment       0x0000000000000050       0x51 ./Drivers/STM32F3xx_HAL_Driver/stm32f3xx_hal_i2c.o
 .comment       0x0000000000000050       0x51 ./Drivers/STM32F3xx_HAL_Driver/stm32f3xx_hal_i2c_ex.o
 .comment       0x0000000000000050       0x51 ./Drivers/STM32F3xx_HAL_Driver/stm32f3xx_hal_pcd.o
 .comment       0x0000000000000050       0x51 ./Drivers/STM32F3xx_HAL_Driver/stm32f3xx_hal_rcc.o
 .comment       0x0000000000000050       0x51 ./Drivers/STM32F3xx_HAL_Driver/stm32f3xx_hal_rcc_ex.o
 .comment       0x0000000000000050       0x51 ./Drivers/STM32F3xx_HAL_Driver/stm32f3xx_hal_spi.o
 .comment       0x0000000000000050       0x51 ./Drivers/STM32F3xx_HAL_Driver/stm32f3xx_hal_uart.o
 .comment       0x0000000000000050       0x51 ./Drivers/STM32F3xx_HAL_Driver/stm32f3xx_ll_usb.o

.debug_frame    0x0000000000000000     0x37f8
 .debug_frame   0x0000000000000000      0x164 ./Application/User/Core/main.o
 .debug_frame   0x0000000000000164      0x154 ./Application/User/Core/stm32f3xx_hal_msp.o
 .debug_frame   0x00000000000002b8      0x104 ./Application/User/Core/stm32f3xx_it.o
 .debug_frame   0x00000000000003bc       0x58 ./Drivers/CMSIS/system_stm32f3xx.o
 .debug_frame   0x0000000000000414      0x334 ./Drivers/STM32F3xx_HAL_Driver/stm32f3xx_hal.o
 .debug_frame   0x0000000000000748      0x498 ./Drivers/STM32F3xx_HAL_Driver/stm32f3xx_hal_cortex.o
 .debug_frame   0x0000000000000be0      0x14c ./Drivers/STM32F3xx_HAL_Driver/stm32f3xx_hal_gpio.o
 .debug_frame   0x0000000000000d2c      0xbe8 ./Drivers/STM32F3xx_HAL_Driver/stm32f3xx_hal_i2c.o
 .debug_frame   0x0000000000001914      0x100 ./Drivers/STM32F3xx_HAL_Driver/stm32f3xx_hal_i2c_ex.o
 .debug_frame   0x0000000000001a14      0x578 ./Drivers/STM32F3xx_HAL_Driver/stm32f3xx_hal_pcd.o
 .debug_frame   0x0000000000001f8c      0x214 ./Drivers/STM32F3xx_HAL_Driver/stm32f3xx_hal_rcc.o
 .debug_frame   0x00000000000021a0       0xb4 ./Drivers/STM32F3xx_HAL_Driver/stm32f3xx_hal_rcc_ex.o
 .debug_frame   0x0000000000002254      0x860 ./Drivers/STM32F3xx_HAL_Driver/stm32f3xx_hal_spi.o
 .debug_frame   0x0000000000002ab4      0x9e8 ./Drivers/STM32F3xx_HAL_Driver/stm32f3xx_hal_uart.o
 .debug_frame   0x000000000000349c      0x310 ./Drivers/STM32F3xx_HAL_Driver/stm32f3xx_ll_usb.o
 .debug_frame   0x00000000000037ac       0x2c /Applications/STM32CubeIDE.app/Contents/Eclipse/plugins/com.st.stm32cube.ide.mcu.externaltools.gnu-tools-for-stm32.10.3-2021.10.macos64_1.0.0.202111181127/tools/bin/../lib/gcc/arm-none-eabi/10.3.1/../../../../arm-none-eabi/lib/thumb/v7e-m+fp/hard/libc_nano.a(lib_a-init.o)
 .debug_frame   0x00000000000037d8       0x20 /Applications/STM32CubeIDE.app/Contents/Eclipse/plugins/com.st.stm32cube.ide.mcu.externaltools.gnu-tools-for-stm32.10.3-2021.10.macos64_1.0.0.202111181127/tools/bin/../lib/gcc/arm-none-eabi/10.3.1/../../../../arm-none-eabi/lib/thumb/v7e-m+fp/hard/libc_nano.a(lib_a-memset.o)
